// Jest Snapshot v1, https://goo.gl/fbAQLP

exports[`Testing Header app feature component Should render correctly 1`] = `
"<nav data-testid=\\"navbar\\" className=\\"white\\" style={{...}}>
  <div className=\\"nav-wrapper\\">
    <a data-testid=\\"app-logo\\" className=\\"brand-logo center grey-text text-darken-3\\" onClick={[Function: handleLogoClick]}>
      Sckan
    </a>
    <ul className=\\"right hide-on-med-and-down nav-ul\\">
      <li data-testid=\\"user-account\\">
        <Icon type=\\"round\\" size=\\"small\\" color=\\"grey-text text-darken-3\\">
          account_circle
        </Icon>
      </li>
      <li data-testid=\\"more-options\\">
        <Icon type=\\"round\\" size=\\"small\\" color=\\"grey-text text-darken-3\\">
          more_vert
        </Icon>
      </li>
    </ul>
  </div>
</nav>"
`;
